INFO: [VRFC 10-2263] Analyzing SystemVerilog file "C:/Users/xande/Desktop/Tarea/9no/Diseo de Sistemas de Digitales/ALU/ALU.srcs/sources_1/new/ALU_selec.sv" into library xil_defaultlib
INFO: [VRFC 10-311] analyzing module ALU_selec
INFO: [VRFC 10-2263] Analyzing SystemVerilog file "C:/Users/xande/Desktop/Tarea/9no/Diseo de Sistemas de Digitales/ALU/ALU.srcs/sources_1/new/LSL.sv" into library xil_defaultlib
INFO: [VRFC 10-311] analyzing module LSL
INFO: [VRFC 10-2263] Analyzing SystemVerilog file "C:/Users/xande/Desktop/Tarea/9no/Diseo de Sistemas de Digitales/ALU/ALU.srcs/sources_1/new/LSR.sv" into library xil_defaultlib
INFO: [VRFC 10-311] analyzing module LSR
INFO: [VRFC 10-2263] Analyzing SystemVerilog file "C:/Users/xande/Desktop/Tarea/9no/Diseo de Sistemas de Digitales/ALU/ALU.srcs/sources_1/new/and.sv" into library xil_defaultlib
INFO: [VRFC 10-311] analyzing module and_a
INFO: [VRFC 10-2263] Analyzing SystemVerilog file "C:/Users/xande/Desktop/Tarea/9no/Diseo de Sistemas de Digitales/ALU/ALU.srcs/sources_1/new/not_a.sv" into library xil_defaultlib
INFO: [VRFC 10-311] analyzing module not_a
INFO: [VRFC 10-2263] Analyzing SystemVerilog file "C:/Users/xande/Desktop/Tarea/9no/Diseo de Sistemas de Digitales/ALU/ALU.srcs/sources_1/new/or_a.sv" into library xil_defaultlib
INFO: [VRFC 10-311] analyzing module or_a
INFO: [VRFC 10-2263] Analyzing SystemVerilog file "C:/Users/xande/Desktop/Tarea/9no/Diseo de Sistemas de Digitales/ALU/ALU.srcs/sources_1/new/res.sv" into library xil_defaultlib
INFO: [VRFC 10-311] analyzing module res
INFO: [VRFC 10-2263] Analyzing SystemVerilog file "C:/Users/xande/Desktop/Tarea/9no/Diseo de Sistemas de Digitales/ALU/ALU.srcs/sources_1/new/sum.sv" into library xil_defaultlib
INFO: [VRFC 10-311] analyzing module sum
INFO: [VRFC 10-2263] Analyzing SystemVerilog file "C:/Users/xande/Desktop/Tarea/9no/Diseo de Sistemas de Digitales/ALU/ALU.srcs/sources_1/new/xor_a.sv" into library xil_defaultlib
INFO: [VRFC 10-311] analyzing module xor_a
INFO: [VRFC 10-2263] Analyzing SystemVerilog file "C:/Users/xande/Desktop/Tarea/9no/Diseo de Sistemas de Digitales/ALU/ALU.srcs/sim_1/new/ALU_tb.sv" into library xil_defaultlib
INFO: [VRFC 10-311] analyzing module ALU_tb
