Vivado Simulator v2026.1
Copyright 1986-2022 Xilinx, Inc. All Rights Reserved.
Copyright 2022-2026 Advanced Micro Devices, Inc. All Rights Reserved.
Running: C:/AMDDesignTools/2026.1/Vivado/bin/unwrapped/win64.o/xelab.exe --incr --debug typical --relax --mt 2 -L xil_defaultlib -L uvm -L unisims_ver -L unimacro_ver -L secureip --snapshot ALU_tb_behav xil_defaultlib.ALU_tb xil_defaultlib.glbl -log elaborate.log 
INFO: [XSIM 43-3493] Using 2 slave threads.
Starting static elaboration
Pass Through NonSizing Optimizer
WARNING: [VRFC 10-3091] actual bit length 1 differs from formal bit length 4 for port 'o_not' [C:/Users/xande/Desktop/Tarea/9no/Diseo de Sistemas de Digitales/ALU/ALU.srcs/sources_1/new/ALU_selec.sv:37]
WARNING: [VRFC 10-3823] variable 'n_f' might have multiple concurrent drivers [C:/Users/xande/Desktop/Tarea/9no/Diseo de Sistemas de Digitales/ALU/ALU.srcs/sources_1/new/ALU_selec.sv:33]
WARNING: [VRFC 10-3823] variable 'n_f' might have multiple concurrent drivers [C:/Users/xande/Desktop/Tarea/9no/Diseo de Sistemas de Digitales/ALU/ALU.srcs/sources_1/new/ALU_selec.sv:34]
WARNING: [VRFC 10-3823] variable 'n_f' might have multiple concurrent drivers [C:/Users/xande/Desktop/Tarea/9no/Diseo de Sistemas de Digitales/ALU/ALU.srcs/sources_1/new/ALU_selec.sv:35]
WARNING: [VRFC 10-3823] variable 'n_f' might have multiple concurrent drivers [C:/Users/xande/Desktop/Tarea/9no/Diseo de Sistemas de Digitales/ALU/ALU.srcs/sources_1/new/ALU_selec.sv:36]
WARNING: [VRFC 10-3823] variable 'n_f' might have multiple concurrent drivers [C:/Users/xande/Desktop/Tarea/9no/Diseo de Sistemas de Digitales/ALU/ALU.srcs/sources_1/new/ALU_selec.sv:37]
WARNING: [VRFC 10-3823] variable 'n_f' might have multiple concurrent drivers [C:/Users/xande/Desktop/Tarea/9no/Diseo de Sistemas de Digitales/ALU/ALU.srcs/sources_1/new/ALU_selec.sv:38]
WARNING: [VRFC 10-3823] variable 'n_f' might have multiple concurrent drivers [C:/Users/xande/Desktop/Tarea/9no/Diseo de Sistemas de Digitales/ALU/ALU.srcs/sources_1/new/ALU_selec.sv:39]
Completed static elaboration
Starting simulation data flow analysis
Completed simulation data flow analysis
Time Resolution for simulation is 1ps
Compiling module xil_defaultlib.sum
Compiling module xil_defaultlib.res
Compiling module xil_defaultlib.and_a
Compiling module xil_defaultlib.or_a
Compiling module xil_defaultlib.xor_a
Compiling module xil_defaultlib.not_a
Compiling module xil_defaultlib.LSL
Compiling module xil_defaultlib.LSR
Compiling module xil_defaultlib.ALU_selec
Compiling module xil_defaultlib.ALU_tb
Compiling module xil_defaultlib.glbl
Built simulation snapshot ALU_tb_behav
